// Jest Snapshot v1, https://goo.gl/fbAQLP

exports[`App.vue matches snapshot 1`] = `
VueWrapper {
  "_emitted": Object {},
  "_emittedByOrder": Array [],
  "element": <div
    id="app"
  >
    <router-view />
  </div>,
  "isVueComponent": true,
  "options": Object {
    "attachedToDocument": false,
  },
  "update": [Function],
  "version": 2.5,
  "vm": VueComponent {
    "$attrs": Object {},
    "$children": Array [],
    "$createElement": [Function],
    "$el": <div
      id="app"
    >
      <router-view />
    </div>,
    "$emit": [Function],
    "$listeners": Object {},
    "$options": Object {
      "_Ctor": Object {
        "3": [Function],
      },
      "_base": [Function],
      "_parentElm": null,
      "_refElm": null,
      "components": Object {},
      "directives": Object {},
      "filters": Object {},
      "inject": Object {},
      "name": "app",
      "render": [Function],
      "staticRenderFns": Array [],
    },
    "$parent": undefined,
    "$refs": Object {},
    "$root": [Circular],
    "$scopedSlots": Object {},
    "$slots": Object {},
    "$vnode": undefined,
    "_c": [Function],
    "_data": Object {},
    "_directInactive": false,
    "_events": Object {},
    "_hasHookEvent": false,
    "_inactive": null,
    "_isBeingDestroyed": false,
    "_isDestroyed": false,
    "_isMounted": true,
    "_isVue": true,
    "_renderProxy": VueComponent {
      "$attrs": Object {},
      "$children": Array [],
      "$createElement": [Function],
      "$el": <div
        id="app"
      >
        <router-view />
      </div>,
      "$emit": [Function],
      "$listeners": Object {},
      "$options": Object {
        "_Ctor": Object {
          "3": [Function],
        },
        "_base": [Function],
        "_parentElm": null,
        "_refElm": null,
        "components": Object {},
        "directives": Object {},
        "filters": Object {},
        "inject": Object {},
        "name": "app",
        "render": [Function],
        "staticRenderFns": Array [],
      },
      "$parent": undefined,
      "$refs": Object {},
      "$root": [Circular],
      "$scopedSlots": Object {},
      "$slots": Object {},
      "$vnode": undefined,
      "_c": [Function],
      "_data": Object {},
      "_directInactive": false,
      "_events": Object {},
      "_hasHookEvent": false,
      "_inactive": null,
      "_isBeingDestroyed": false,
      "_isDestroyed": false,
      "_isMounted": true,
      "_isVue": true,
      "_renderProxy": [Circular],
      "_self": [Circular],
      "_uid": 1,
      "_vnode": VNode {
        "asyncFactory": undefined,
        "asyncMeta": undefined,
        "children": Array [
          VNode {
            "asyncFactory": undefined,
            "asyncMeta": undefined,
            "children": undefined,
            "componentInstance": undefined,
            "componentOptions": undefined,
            "context": [Circular],
            "data": undefined,
            "elm": <router-view />,
            "functionalContext": undefined,
            "functionalOptions": undefined,
            "functionalScopeId": undefined,
            "isAsyncPlaceholder": false,
            "isCloned": false,
            "isComment": false,
            "isOnce": false,
            "isRootInsert": false,
            "isStatic": false,
            "key": undefined,
            "ns": undefined,
            "parent": undefined,
            "raw": false,
            "tag": "router-view",
            "text": undefined,
          },
        ],
        "componentInstance": undefined,
        "componentOptions": undefined,
        "context": [Circular],
        "data": Object {
          "attrs": Object {
            "id": "app",
          },
        },
        "elm": <div
          id="app"
        >
          <router-view />
        </div>,
        "functionalContext": undefined,
        "functionalOptions": undefined,
        "functionalScopeId": undefined,
        "isAsyncPlaceholder": false,
        "isCloned": false,
        "isComment": false,
        "isOnce": false,
        "isRootInsert": true,
        "isStatic": false,
        "key": undefined,
        "ns": undefined,
        "parent": undefined,
        "raw": false,
        "tag": "div",
        "text": undefined,
      },
      "_watcher": Watcher {
        "active": true,
        "cb": [Function],
        "deep": false,
        "depIds": Set {},
        "deps": Array [],
        "dirty": false,
        "expression": "function () {
      vm._update(vm._render(), hydrating);
    }",
        "getter": [Function],
        "id": 2,
        "lazy": false,
        "newDepIds": Set {},
        "newDeps": Array [],
        "sync": false,
        "user": false,
        "value": undefined,
        "vm": [Circular],
      },
      "_watchers": Array [
        Watcher {
          "active": true,
          "cb": [Function],
          "deep": false,
          "depIds": Set {},
          "deps": Array [],
          "dirty": false,
          "expression": "function () {
      vm._update(vm._render(), hydrating);
    }",
          "getter": [Function],
          "id": 2,
          "lazy": false,
          "newDepIds": Set {},
          "newDeps": Array [],
          "sync": false,
          "user": false,
          "value": undefined,
          "vm": [Circular],
        },
      ],
    },
    "_self": [Circular],
    "_uid": 1,
    "_vnode": VNode {
      "asyncFactory": undefined,
      "asyncMeta": undefined,
      "children": Array [
        VNode {
          "asyncFactory": undefined,
          "asyncMeta": undefined,
          "children": undefined,
          "componentInstance": undefined,
          "componentOptions": undefined,
          "context": [Circular],
          "data": undefined,
          "elm": <router-view />,
          "functionalContext": undefined,
          "functionalOptions": undefined,
          "functionalScopeId": undefined,
          "isAsyncPlaceholder": false,
          "isCloned": false,
          "isComment": false,
          "isOnce": false,
          "isRootInsert": false,
          "isStatic": false,
          "key": undefined,
          "ns": undefined,
          "parent": undefined,
          "raw": false,
          "tag": "router-view",
          "text": undefined,
        },
      ],
      "componentInstance": undefined,
      "componentOptions": undefined,
      "context": [Circular],
      "data": Object {
        "attrs": Object {
          "id": "app",
        },
      },
      "elm": <div
        id="app"
      >
        <router-view />
      </div>,
      "functionalContext": undefined,
      "functionalOptions": undefined,
      "functionalScopeId": undefined,
      "isAsyncPlaceholder": false,
      "isCloned": false,
      "isComment": false,
      "isOnce": false,
      "isRootInsert": true,
      "isStatic": false,
      "key": undefined,
      "ns": undefined,
      "parent": undefined,
      "raw": false,
      "tag": "div",
      "text": undefined,
    },
    "_watcher": Watcher {
      "active": true,
      "cb": [Function],
      "deep": false,
      "depIds": Set {},
      "deps": Array [],
      "dirty": false,
      "expression": "function () {
      vm._update(vm._render(), hydrating);
    }",
      "getter": [Function],
      "id": 2,
      "lazy": false,
      "newDepIds": Set {},
      "newDeps": Array [],
      "sync": false,
      "user": false,
      "value": undefined,
      "vm": [Circular],
    },
    "_watchers": Array [
      Watcher {
        "active": true,
        "cb": [Function],
        "deep": false,
        "depIds": Set {},
        "deps": Array [],
        "dirty": false,
        "expression": "function () {
      vm._update(vm._render(), hydrating);
    }",
        "getter": [Function],
        "id": 2,
        "lazy": false,
        "newDepIds": Set {},
        "newDeps": Array [],
        "sync": false,
        "user": false,
        "value": undefined,
        "vm": [Circular],
      },
    ],
  },
  "vnode": VNode {
    "asyncFactory": undefined,
    "asyncMeta": undefined,
    "children": Array [
      VNode {
        "asyncFactory": undefined,
        "asyncMeta": undefined,
        "children": undefined,
        "componentInstance": undefined,
        "componentOptions": undefined,
        "context": VueComponent {
          "$attrs": Object {},
          "$children": Array [],
          "$createElement": [Function],
          "$el": <div
            id="app"
          >
            <router-view />
          </div>,
          "$emit": [Function],
          "$listeners": Object {},
          "$options": Object {
            "_Ctor": Object {
              "3": [Function],
            },
            "_base": [Function],
            "_parentElm": null,
            "_refElm": null,
            "components": Object {},
            "directives": Object {},
            "filters": Object {},
            "inject": Object {},
            "name": "app",
            "render": [Function],
            "staticRenderFns": Array [],
          },
          "$parent": undefined,
          "$refs": Object {},
          "$root": [Circular],
          "$scopedSlots": Object {},
          "$slots": Object {},
          "$vnode": undefined,
          "_c": [Function],
          "_data": Object {},
          "_directInactive": false,
          "_events": Object {},
          "_hasHookEvent": false,
          "_inactive": null,
          "_isBeingDestroyed": false,
          "_isDestroyed": false,
          "_isMounted": true,
          "_isVue": true,
          "_renderProxy": VueComponent {
            "$attrs": Object {},
            "$children": Array [],
            "$createElement": [Function],
            "$el": <div
              id="app"
            >
              <router-view />
            </div>,
            "$emit": [Function],
            "$listeners": Object {},
            "$options": Object {
              "_Ctor": Object {
                "3": [Function],
              },
              "_base": [Function],
              "_parentElm": null,
              "_refElm": null,
              "components": Object {},
              "directives": Object {},
              "filters": Object {},
              "inject": Object {},
              "name": "app",
              "render": [Function],
              "staticRenderFns": Array [],
            },
            "$parent": undefined,
            "$refs": Object {},
            "$root": [Circular],
            "$scopedSlots": Object {},
            "$slots": Object {},
            "$vnode": undefined,
            "_c": [Function],
            "_data": Object {},
            "_directInactive": false,
            "_events": Object {},
            "_hasHookEvent": false,
            "_inactive": null,
            "_isBeingDestroyed": false,
            "_isDestroyed": false,
            "_isMounted": true,
            "_isVue": true,
            "_renderProxy": [Circular],
            "_self": [Circular],
            "_uid": 1,
            "_vnode": [Circular],
            "_watcher": Watcher {
              "active": true,
              "cb": [Function],
              "deep": false,
              "depIds": Set {},
              "deps": Array [],
              "dirty": false,
              "expression": "function () {
      vm._update(vm._render(), hydrating);
    }",
              "getter": [Function],
              "id": 2,
              "lazy": false,
              "newDepIds": Set {},
              "newDeps": Array [],
              "sync": false,
              "user": false,
              "value": undefined,
              "vm": [Circular],
            },
            "_watchers": Array [
              Watcher {
                "active": true,
                "cb": [Function],
                "deep": false,
                "depIds": Set {},
                "deps": Array [],
                "dirty": false,
                "expression": "function () {
      vm._update(vm._render(), hydrating);
    }",
                "getter": [Function],
                "id": 2,
                "lazy": false,
                "newDepIds": Set {},
                "newDeps": Array [],
                "sync": false,
                "user": false,
                "value": undefined,
                "vm": [Circular],
              },
            ],
          },
          "_self": [Circular],
          "_uid": 1,
          "_vnode": [Circular],
          "_watcher": Watcher {
            "active": true,
            "cb": [Function],
            "deep": false,
            "depIds": Set {},
            "deps": Array [],
            "dirty": false,
            "expression": "function () {
      vm._update(vm._render(), hydrating);
    }",
            "getter": [Function],
            "id": 2,
            "lazy": false,
            "newDepIds": Set {},
            "newDeps": Array [],
            "sync": false,
            "user": false,
            "value": undefined,
            "vm": [Circular],
          },
          "_watchers": Array [
            Watcher {
              "active": true,
              "cb": [Function],
              "deep": false,
              "depIds": Set {},
              "deps": Array [],
              "dirty": false,
              "expression": "function () {
      vm._update(vm._render(), hydrating);
    }",
              "getter": [Function],
              "id": 2,
              "lazy": false,
              "newDepIds": Set {},
              "newDeps": Array [],
              "sync": false,
              "user": false,
              "value": undefined,
              "vm": [Circular],
            },
          ],
        },
        "data": undefined,
        "elm": <router-view />,
        "functionalContext": undefined,
        "functionalOptions": undefined,
        "functionalScopeId": undefined,
        "isAsyncPlaceholder": false,
        "isCloned": false,
        "isComment": false,
        "isOnce": false,
        "isRootInsert": false,
        "isStatic": false,
        "key": undefined,
        "ns": undefined,
        "parent": undefined,
        "raw": false,
        "tag": "router-view",
        "text": undefined,
      },
    ],
    "componentInstance": undefined,
    "componentOptions": undefined,
    "context": VueComponent {
      "$attrs": Object {},
      "$children": Array [],
      "$createElement": [Function],
      "$el": <div
        id="app"
      >
        <router-view />
      </div>,
      "$emit": [Function],
      "$listeners": Object {},
      "$options": Object {
        "_Ctor": Object {
          "3": [Function],
        },
        "_base": [Function],
        "_parentElm": null,
        "_refElm": null,
        "components": Object {},
        "directives": Object {},
        "filters": Object {},
        "inject": Object {},
        "name": "app",
        "render": [Function],
        "staticRenderFns": Array [],
      },
      "$parent": undefined,
      "$refs": Object {},
      "$root": [Circular],
      "$scopedSlots": Object {},
      "$slots": Object {},
      "$vnode": undefined,
      "_c": [Function],
      "_data": Object {},
      "_directInactive": false,
      "_events": Object {},
      "_hasHookEvent": false,
      "_inactive": null,
      "_isBeingDestroyed": false,
      "_isDestroyed": false,
      "_isMounted": true,
      "_isVue": true,
      "_renderProxy": VueComponent {
        "$attrs": Object {},
        "$children": Array [],
        "$createElement": [Function],
        "$el": <div
          id="app"
        >
          <router-view />
        </div>,
        "$emit": [Function],
        "$listeners": Object {},
        "$options": Object {
          "_Ctor": Object {
            "3": [Function],
          },
          "_base": [Function],
          "_parentElm": null,
          "_refElm": null,
          "components": Object {},
          "directives": Object {},
          "filters": Object {},
          "inject": Object {},
          "name": "app",
          "render": [Function],
          "staticRenderFns": Array [],
        },
        "$parent": undefined,
        "$refs": Object {},
        "$root": [Circular],
        "$scopedSlots": Object {},
        "$slots": Object {},
        "$vnode": undefined,
        "_c": [Function],
        "_data": Object {},
        "_directInactive": false,
        "_events": Object {},
        "_hasHookEvent": false,
        "_inactive": null,
        "_isBeingDestroyed": false,
        "_isDestroyed": false,
        "_isMounted": true,
        "_isVue": true,
        "_renderProxy": [Circular],
        "_self": [Circular],
        "_uid": 1,
        "_vnode": [Circular],
        "_watcher": Watcher {
          "active": true,
          "cb": [Function],
          "deep": false,
          "depIds": Set {},
          "deps": Array [],
          "dirty": false,
          "expression": "function () {
      vm._update(vm._render(), hydrating);
    }",
          "getter": [Function],
          "id": 2,
          "lazy": false,
          "newDepIds": Set {},
          "newDeps": Array [],
          "sync": false,
          "user": false,
          "value": undefined,
          "vm": [Circular],
        },
        "_watchers": Array [
          Watcher {
            "active": true,
            "cb": [Function],
            "deep": false,
            "depIds": Set {},
            "deps": Array [],
            "dirty": false,
            "expression": "function () {
      vm._update(vm._render(), hydrating);
    }",
            "getter": [Function],
            "id": 2,
            "lazy": false,
            "newDepIds": Set {},
            "newDeps": Array [],
            "sync": false,
            "user": false,
            "value": undefined,
            "vm": [Circular],
          },
        ],
      },
      "_self": [Circular],
      "_uid": 1,
      "_vnode": [Circular],
      "_watcher": Watcher {
        "active": true,
        "cb": [Function],
        "deep": false,
        "depIds": Set {},
        "deps": Array [],
        "dirty": false,
        "expression": "function () {
      vm._update(vm._render(), hydrating);
    }",
        "getter": [Function],
        "id": 2,
        "lazy": false,
        "newDepIds": Set {},
        "newDeps": Array [],
        "sync": false,
        "user": false,
        "value": undefined,
        "vm": [Circular],
      },
      "_watchers": Array [
        Watcher {
          "active": true,
          "cb": [Function],
          "deep": false,
          "depIds": Set {},
          "deps": Array [],
          "dirty": false,
          "expression": "function () {
      vm._update(vm._render(), hydrating);
    }",
          "getter": [Function],
          "id": 2,
          "lazy": false,
          "newDepIds": Set {},
          "newDeps": Array [],
          "sync": false,
          "user": false,
          "value": undefined,
          "vm": [Circular],
        },
      ],
    },
    "data": Object {
      "attrs": Object {
        "id": "app",
      },
    },
    "elm": <div
      id="app"
    >
      <router-view />
    </div>,
    "functionalContext": undefined,
    "functionalOptions": undefined,
    "functionalScopeId": undefined,
    "isAsyncPlaceholder": false,
    "isCloned": false,
    "isComment": false,
    "isOnce": false,
    "isRootInsert": true,
    "isStatic": false,
    "key": undefined,
    "ns": undefined,
    "parent": undefined,
    "raw": false,
    "tag": "div",
    "text": undefined,
  },
}
`;
