// Jest Snapshot v1, https://goo.gl/fbAQLP

exports[`App Snapshot 1`] = `"<div id=\\"app\\" data-server-rendered=\\"true\\"><router-view></router-view></div>"`;
